// Vitest Snapshot v1, https://vitest.dev/guide/snapshot.html

exports[`GET /offers/favorites > Success get favorite offers after delete 1`] = `[]`;
